[
  {
    "Age": 30,
    "Birthday": {
      "Day": 30,
      "Month": 9,
      "Year": 1991
    },
    "Email": "isaac@example.com",
    "ID": 11,
    "Name": "Isaac"
  }
]
