[
  {
    "Age": 32,
    "Birthday": {
      "Day": 30,
      "Month": 3,
      "Year": 1989
    },
    "Email": "ivan@example.com",
    "ID": 12,
    "Name": "Ivan"
  },
  {
    "Age": 32,
    "Birthday": {
      "Day": 28,
      "Month": 2,
      "Year": 1989
    },
    "Email": "justin@example.com",
    "ID": 13,
    "Name": "Justin"
  }
]
