[
  {
    "Address": {
      "City": "Dover"
    },
    "Email": "dave@example.com"
  },
  {
    "Email": "frank@example.com"
  }
]
