Age,Birthday,Email,ID,Name
32,map[Day:30 Month:3 Year:1989],ivan@example.com,12,Ivan
32,map[Day:28 Month:2 Year:1989],justin@example.com,13,Justin
